
C:\Users\ACER\OneDrive - Hanoi University of Science and Technology\Desktop\Truong-Antigravity\GymWebApp\src\app\dashboard\schedule\AddWorkoutModal.tsx
  33:23  error  Error: Calling setState synchronously within an effect can trigger cascading renders

Effects are intended to synchronize state between React and external systems such as manually updating the DOM, state management libraries, or other platform APIs. In general, the body of an effect should do one or both of the following:
* Update external systems with the latest state from React.
* Subscribe for updates from some external system, calling setState in a callback function when external state changes.

Calling setState synchronously within an effect body causes cascading renders that can hurt performance, and is not recommended. (https://react.dev/learn/you-might-not-need-an-effect).

C:\Users\ACER\OneDrive - Hanoi University of Science and Technology\Desktop\Truong-Antigravity\GymWebApp\src\app\dashboard\schedule\AddWorkoutModal.tsx:33:23
  31 |     const [isPending, startTransition] = useTransition();
  32 |
> 33 |     useEffect(() => { setMounted(true); }, []);
     |                       ^^^^^^^^^^ Avoid calling setState() directly within an effect
  34 |
  35 |     function reset() {
  36 |         setTitle("");  react-hooks/set-state-in-effect

C:\Users\ACER\OneDrive - Hanoi University of Science and Technology\Desktop\Truong-Antigravity\GymWebApp\src\app\dashboard\trainers\TrainersClient.tsx
  8:70  error  Unexpected any. Specify a different type  @typescript-eslint/no-explicit-any
  8:87  error  Unexpected any. Specify a different type  @typescript-eslint/no-explicit-any

✖ 3 problems (3 errors, 0 warnings)

